TBBmalloc: skip allocation functions replacement in ucrtbase.dll: unknown prologue for function _msize
Blender 3.2.1 (hash a2d59b2dac9e built 2022-07-06 07:45:50)
Fra:1 Mem:11.50M (Peak 11.50M) | Time:00:00.00 | Mem:0.00M, Peak:0.00M | Scene, ViewLayer | Synchronizing object | static
Fra:1 Mem:11.50M (Peak 11.50M) | Time:00:00.00 | Mem:0.00M, Peak:0.00M | Scene, ViewLayer | Synchronizing object | recessed_rotor
Fra:1 Mem:11.53M (Peak 11.53M) | Time:00:00.00 | Mem:0.00M, Peak:0.00M | Scene, ViewLayer | Synchronizing object | Studio floor
Fra:1 Mem:11.86M (Peak 11.94M) | Time:00:00.00 | Mem:0.00M, Peak:0.00M | Scene, ViewLayer | Initializing
Fra:1 Mem:10.52M (Peak 11.94M) | Time:00:00.00 | Mem:0.00M, Peak:0.00M | Scene, ViewLayer | Waiting for render to start
Fra:1 Mem:10.52M (Peak 11.94M) | Time:00:00.00 | Mem:0.00M, Peak:0.00M | Scene, ViewLayer | Loading render kernels (may take a few minutes the first time)
Fra:1 Mem:10.52M (Peak 11.94M) | Time:00:00.00 | Mem:0.00M, Peak:0.00M | Scene, ViewLayer | Updating Scene
Fra:1 Mem:10.52M (Peak 11.94M) | Time:00:00.00 | Mem:0.00M, Peak:0.00M | Scene, ViewLayer | Updating Shaders
Fra:1 Mem:11.04M (Peak 11.94M) | Time:00:00.12 | Mem:0.01M, Peak:0.01M | Scene, ViewLayer | Updating Procedurals
Fra:1 Mem:11.04M (Peak 11.94M) | Time:00:00.12 | Mem:0.01M, Peak:0.01M | Scene, ViewLayer | Updating Background
Fra:1 Mem:11.04M (Peak 11.94M) | Time:00:00.12 | Mem:0.01M, Peak:0.01M | Scene, ViewLayer | Updating Camera
Fra:1 Mem:11.04M (Peak 11.94M) | Time:00:00.12 | Mem:0.01M, Peak:0.01M | Scene, ViewLayer | Updating Meshes Flags
Fra:1 Mem:11.04M (Peak 11.94M) | Time:00:00.12 | Mem:0.01M, Peak:0.01M | Scene, ViewLayer | Updating Objects
Fra:1 Mem:11.04M (Peak 11.94M) | Time:00:00.12 | Mem:0.01M, Peak:0.01M | Scene, ViewLayer | Updating Objects | Copying Transformations to device
Fra:1 Mem:11.04M (Peak 11.94M) | Time:00:00.12 | Mem:0.01M, Peak:0.01M | Scene, ViewLayer | Updating Objects | Applying Static Transformations
Fra:1 Mem:11.04M (Peak 11.94M) | Time:00:00.12 | Mem:0.01M, Peak:0.01M | Scene, ViewLayer | Updating Particle Systems
Fra:1 Mem:11.04M (Peak 11.94M) | Time:00:00.12 | Mem:0.01M, Peak:0.01M | Scene, ViewLayer | Updating Particle Systems | Copying Particles to device
Fra:1 Mem:11.04M (Peak 11.94M) | Time:00:00.12 | Mem:0.01M, Peak:0.01M | Scene, ViewLayer | Updating Meshes
Fra:1 Mem:11.06M (Peak 11.94M) | Time:00:00.12 | Mem:0.01M, Peak:0.01M | Scene, ViewLayer | Updating Mesh | Computing attributes
Fra:1 Mem:11.23M (Peak 11.94M) | Time:00:00.12 | Mem:0.01M, Peak:0.01M | Scene, ViewLayer | Updating Mesh | Copying Attributes to device
Fra:1 Mem:11.23M (Peak 11.94M) | Time:00:00.12 | Mem:0.18M, Peak:0.18M | Scene, ViewLayer | Updating Geometry BVH recessed_rotor 2/2 | Building BVH
Fra:1 Mem:11.23M (Peak 11.94M) | Time:00:00.12 | Mem:0.18M, Peak:0.18M | Scene, ViewLayer | Updating Geometry BVH static 1/2 | Building BVH
Fra:1 Mem:11.23M (Peak 11.94M) | Time:00:00.12 | Mem:0.30M, Peak:0.30M | Scene, ViewLayer | Updating Geometry BVH static 1/2 | Building BVH 0%
Fra:1 Mem:11.23M (Peak 11.94M) | Time:00:00.12 | Mem:0.30M, Peak:0.37M | Scene, ViewLayer | Updating Scene BVH | Building
Fra:1 Mem:11.23M (Peak 11.94M) | Time:00:00.12 | Mem:0.30M, Peak:0.37M | Scene, ViewLayer | Updating Scene BVH | Building BVH
Fra:1 Mem:11.23M (Peak 11.94M) | Time:00:00.12 | Mem:0.31M, Peak:0.37M | Scene, ViewLayer | Updating Scene BVH | Copying BVH to device
Fra:1 Mem:11.23M (Peak 11.94M) | Time:00:00.12 | Mem:0.31M, Peak:0.37M | Scene, ViewLayer | Updating Mesh | Computing normals
Fra:1 Mem:11.40M (Peak 11.94M) | Time:00:00.12 | Mem:0.31M, Peak:0.37M | Scene, ViewLayer | Updating Mesh | Copying Mesh to device
Fra:1 Mem:11.40M (Peak 11.94M) | Time:00:00.12 | Mem:0.48M, Peak:0.48M | Scene, ViewLayer | Updating Objects Flags
Fra:1 Mem:11.40M (Peak 11.94M) | Time:00:00.12 | Mem:0.48M, Peak:0.48M | Scene, ViewLayer | Updating Primitive Offsets
Fra:1 Mem:11.40M (Peak 11.94M) | Time:00:00.12 | Mem:0.48M, Peak:0.48M | Scene, ViewLayer | Updating Images
Fra:1 Mem:11.40M (Peak 11.94M) | Time:00:00.12 | Mem:0.48M, Peak:0.48M | Scene, ViewLayer | Updating Images | Loading bronze.png
Fra:1 Mem:11.40M (Peak 11.94M) | Time:00:00.12 | Mem:0.48M, Peak:0.48M | Scene, ViewLayer | Updating Images | Loading side_gold_clamps_emission.png
Fra:1 Mem:11.42M (Peak 11.94M) | Time:00:00.13 | Mem:0.48M, Peak:0.48M | Scene, ViewLayer | Updating Images | Loading bronze_emission.png
Fra:1 Mem:11.42M (Peak 11.94M) | Time:00:00.13 | Mem:0.48M, Peak:0.48M | Scene, ViewLayer | Updating Images | Loading blackstone_emission.png
Fra:1 Mem:11.43M (Peak 11.94M) | Time:00:00.13 | Mem:0.48M, Peak:0.48M | Scene, ViewLayer | Updating Images | Loading pit_wall_emission.png
Fra:1 Mem:11.43M (Peak 11.94M) | Time:00:00.13 | Mem:0.48M, Peak:0.48M | Scene, ViewLayer | Updating Images | Loading gilded_blackstone_emission.png
Fra:1 Mem:11.43M (Peak 11.94M) | Time:00:00.13 | Mem:0.49M, Peak:0.49M | Scene, ViewLayer | Updating Images | Loading side_inset_side_emission.png
Fra:1 Mem:11.43M (Peak 11.94M) | Time:00:00.13 | Mem:0.49M, Peak:0.49M | Scene, ViewLayer | Updating Images | Loading pit_steps_metal.png
Fra:1 Mem:11.43M (Peak 11.94M) | Time:00:00.13 | Mem:0.49M, Peak:0.49M | Scene, ViewLayer | Updating Images | Loading bronze_metal.png
Fra:1 Mem:11.43M (Peak 11.94M) | Time:00:00.13 | Mem:0.49M, Peak:0.49M | Scene, ViewLayer | Updating Images | Loading side_inset_side_metal.png
Fra:1 Mem:11.43M (Peak 11.94M) | Time:00:00.14 | Mem:0.49M, Peak:0.49M | Scene, ViewLayer | Updating Images | Loading gilded_blackstone_metal.png
Fra:1 Mem:11.43M (Peak 11.94M) | Time:00:00.14 | Mem:0.49M, Peak:0.49M | Scene, ViewLayer | Updating Images | Loading amethyst_core_metal.png
Fra:1 Mem:11.43M (Peak 11.94M) | Time:00:00.14 | Mem:0.49M, Peak:0.49M | Scene, ViewLayer | Updating Images | Loading side_gold_clamps_metal.png
Fra:1 Mem:11.43M (Peak 11.94M) | Time:00:00.14 | Mem:0.49M, Peak:0.49M | Scene, ViewLayer | Updating Images | Loading pit_wall_metal.png
Fra:1 Mem:11.43M (Peak 11.94M) | Time:00:00.14 | Mem:0.49M, Peak:0.49M | Scene, ViewLayer | Updating Images | Loading blackstone_metal.png
Fra:1 Mem:11.43M (Peak 11.94M) | Time:00:00.14 | Mem:0.49M, Peak:0.49M | Scene, ViewLayer | Updating Images | Loading pit_steps_sss.png
Fra:1 Mem:11.43M (Peak 11.94M) | Time:00:00.14 | Mem:0.49M, Peak:0.49M | Scene, ViewLayer | Updating Images | Loading side_carved_frame_sss.png
Fra:1 Mem:11.43M (Peak 11.94M) | Time:00:00.14 | Mem:0.49M, Peak:0.49M | Scene, ViewLayer | Updating Images | Loading tabletop_sss.png
Fra:1 Mem:11.43M (Peak 11.94M) | Time:00:00.14 | Mem:0.49M, Peak:0.49M | Scene, ViewLayer | Updating Images | Loading gold_sss.png
Fra:1 Mem:11.43M (Peak 11.94M) | Time:00:00.14 | Mem:0.50M, Peak:0.50M | Scene, ViewLayer | Updating Images | Loading blackstone_normal_preview.png
Fra:1 Mem:11.43M (Peak 11.94M) | Time:00:00.14 | Mem:0.50M, Peak:0.50M | Scene, ViewLayer | Updating Images | Loading pit_wall_sss.png
Fra:1 Mem:11.43M (Peak 11.94M) | Time:00:00.15 | Mem:0.50M, Peak:0.50M | Scene, ViewLayer | Updating Images | Loading side_gold_clamps_sss.png
Fra:1 Mem:11.43M (Peak 11.94M) | Time:00:00.15 | Mem:0.50M, Peak:0.50M | Scene, ViewLayer | Updating Images | Loading side_inset_front_sss.png
Fra:1 Mem:11.43M (Peak 11.94M) | Time:00:00.15 | Mem:0.50M, Peak:0.50M | Scene, ViewLayer | Updating Images | Loading tabletop_roughness.png
Fra:1 Mem:11.43M (Peak 11.94M) | Time:00:00.15 | Mem:0.50M, Peak:0.50M | Scene, ViewLayer | Updating Images | Loading side_carved_frame_roughness.png
Fra:1 Mem:11.43M (Peak 11.94M) | Time:00:00.15 | Mem:0.50M, Peak:0.50M | Scene, ViewLayer | Updating Images | Loading bronze_roughness.png
Fra:1 Mem:11.44M (Peak 11.94M) | Time:00:00.15 | Mem:0.50M, Peak:0.50M | Scene, ViewLayer | Updating Images | Loading gold_roughness.png
Fra:1 Mem:11.44M (Peak 11.94M) | Time:00:00.15 | Mem:0.50M, Peak:0.50M | Scene, ViewLayer | Updating Images | Loading side_inset_side_roughness.png
Fra:1 Mem:11.44M (Peak 11.94M) | Time:00:00.15 | Mem:0.50M, Peak:0.50M | Scene, ViewLayer | Updating Images | Loading amethyst_core_roughness.png
Fra:1 Mem:11.44M (Peak 11.94M) | Time:00:00.15 | Mem:0.50M, Peak:0.50M | Scene, ViewLayer | Updating Images | Loading gilded_blackstone_roughness.png
Fra:1 Mem:11.44M (Peak 11.94M) | Time:00:00.15 | Mem:0.50M, Peak:0.50M | Scene, ViewLayer | Updating Images | Loading blackstone_roughness.png
Fra:1 Mem:11.44M (Peak 11.94M) | Time:00:00.15 | Mem:0.50M, Peak:0.50M | Scene, ViewLayer | Updating Images | Loading side_inset_front_roughness.png
Fra:1 Mem:11.44M (Peak 11.94M) | Time:00:00.16 | Mem:0.50M, Peak:0.50M | Scene, ViewLayer | Updating Images | Loading side_carved_frame_normal_preview.png
Fra:1 Mem:11.44M (Peak 11.94M) | Time:00:00.16 | Mem:0.50M, Peak:0.50M | Scene, ViewLayer | Updating Images | Loading tabletop_normal_preview.png
Fra:1 Mem:11.44M (Peak 11.94M) | Time:00:00.16 | Mem:0.50M, Peak:0.50M | Scene, ViewLayer | Updating Images | Loading pit_steps_normal_preview.png
Fra:1 Mem:11.44M (Peak 11.94M) | Time:00:00.16 | Mem:0.50M, Peak:0.50M | Scene, ViewLayer | Updating Images | Loading gold_normal_preview.png
Fra:1 Mem:11.44M (Peak 11.94M) | Time:00:00.16 | Mem:0.50M, Peak:0.50M | Scene, ViewLayer | Updating Images | Loading bronze_normal_preview.png
Fra:1 Mem:11.44M (Peak 11.94M) | Time:00:00.16 | Mem:0.50M, Peak:0.50M | Scene, ViewLayer | Updating Images | Loading amethyst_core_normal_preview.png
Fra:1 Mem:11.44M (Peak 11.94M) | Time:00:00.16 | Mem:0.50M, Peak:0.50M | Scene, ViewLayer | Updating Images | Loading pit_wall_normal_preview.png
Fra:1 Mem:11.45M (Peak 11.94M) | Time:00:00.16 | Mem:0.50M, Peak:0.50M | Scene, ViewLayer | Updating Images | Loading side_inset_side_normal_preview.png
Fra:1 Mem:11.45M (Peak 11.94M) | Time:00:00.17 | Mem:0.51M, Peak:0.51M | Scene, ViewLayer | Updating Camera Volume
Fra:1 Mem:11.45M (Peak 11.94M) | Time:00:00.17 | Mem:0.51M, Peak:0.51M | Scene, ViewLayer | Updating Lookup Tables
Fra:1 Mem:11.45M (Peak 11.94M) | Time:00:00.17 | Mem:0.76M, Peak:0.76M | Scene, ViewLayer | Updating Lights
Fra:1 Mem:11.45M (Peak 11.94M) | Time:00:00.17 | Mem:0.76M, Peak:0.76M | Scene, ViewLayer | Updating Lights | Computing distribution
Fra:1 Mem:11.47M (Peak 11.94M) | Time:00:00.17 | Mem:0.79M, Peak:0.79M | Scene, ViewLayer | Updating Integrator
Fra:1 Mem:11.48M (Peak 11.94M) | Time:00:00.17 | Mem:0.80M, Peak:0.80M | Scene, ViewLayer | Updating Film
Fra:1 Mem:11.49M (Peak 11.94M) | Time:00:00.17 | Mem:0.55M, Peak:0.80M | Scene, ViewLayer | Updating Lookup Tables
Fra:1 Mem:11.49M (Peak 11.94M) | Time:00:00.17 | Mem:0.80M, Peak:0.80M | Scene, ViewLayer | Updating Baking
Fra:1 Mem:11.49M (Peak 11.94M) | Time:00:00.17 | Mem:0.80M, Peak:0.80M | Scene, ViewLayer | Updating Device | Writing constant memory
Fra:1 Mem:11.49M (Peak 11.94M) | Time:00:00.17 | Mem:0.80M, Peak:0.80M | Scene, ViewLayer | Sample 0/16
Fra:1 Mem:70.24M (Peak 70.24M) | Time:00:00.42 | Remaining:00:03.83 | Mem:59.52M, Peak:59.52M | Scene, ViewLayer | Sample 1/16
Fra:1 Mem:94.96M (Peak 132.04M) | Time:00:05.51 | Mem:59.52M, Peak:59.52M | Scene, ViewLayer | Sample 16/16
Fra:1 Mem:94.96M (Peak 132.04M) | Time:00:05.51 | Mem:59.52M, Peak:59.52M | Scene, ViewLayer | Finished
Saved: 'D:\Desktop\Document\Coding\FULL STACK\ConvertTable\assets\style_refinement\black_gold\renders\black_gold_hero.png'
 Time: 00:06.15 (Saving: 00:00.63)

Rendered black_gold.

Blender quit
