
> Configure project :
Fabric Loom: 1.17.21

> Task :compileJava UP-TO-DATE
> Task :processResources UP-TO-DATE
> Task :classes UP-TO-DATE
> Task :compileClientJava UP-TO-DATE
> Task :processClientResources NO-SOURCE
> Task :processIncludeJars UP-TO-DATE
> Task :jar
> Task :sourcesJar
> Task :assemble
> Task :clientClasses UP-TO-DATE
> Task :compileTestJava NO-SOURCE
> Task :processTestResources NO-SOURCE
> Task :testClasses UP-TO-DATE
> Task :test NO-SOURCE
> Task :validateAccessWidener NO-SOURCE
> Task :compileAssetModelCheck UP-TO-DATE

> Task :verifyAssetModels
WARNING: A terminally deprecated method in sun.misc.Unsafe has been called
WARNING: sun.misc.Unsafe::objectFieldOffset has been called by org.joml.MemUtil$MemUtilUnsafe (file:/C:/Users/GYP/.gradle/caches/modules-2/files-2.1/org.joml/joml/1.10.8/fc0a71dad90a2cf41d82a76156a0e700af8e4f8d/joml-1.10.8.jar)
WARNING: Please consider reporting this to the maintainers of class org.joml.MemUtil$MemUtilUnsafe
WARNING: sun.misc.Unsafe::objectFieldOffset will be removed in a future release
Parsed Minecraft model: src\main\resources\assets\convert_table\models\block\black_gold.json
Parsed Minecraft model: src\main\resources\assets\convert_table\models\item\black_gold.json
Parsed Minecraft model: src\main\resources\assets\convert_table\models\block\end.json
Parsed Minecraft model: src\main\resources\assets\convert_table\models\item\end.json
Parsed Minecraft model: src\main\resources\assets\convert_table\models\block\sculk.json
Parsed Minecraft model: src\main\resources\assets\convert_table\models\item\sculk.json
Validated 6 models using the Minecraft 26.2 parser.
Validated UV orientation and animation bounds/wrapping.

> Task :check
> Task :build

BUILD SUCCESSFUL in 8s
8 actionable tasks: 3 executed, 5 up-to-date
