TBBmalloc: skip allocation functions replacement in ucrtbase.dll: unknown prologue for function _msize
Blender 3.2.1 (hash a2d59b2dac9e built 2022-07-06 07:45:50)
Info: Total files 60 | Changed 60 | Failed 0
Info: Saved "end_16x_refined.blend"
Fra:1 Mem:12.29M (Peak 12.29M) | Time:00:00.00 | Mem:0.00M, Peak:0.00M | Scene, ViewLayer | Synchronizing object | side_0_three_layers
Fra:1 Mem:12.29M (Peak 12.29M) | Time:00:00.00 | Mem:0.00M, Peak:0.00M | Scene, ViewLayer | Synchronizing object | side_1_three_layers
Fra:1 Mem:12.31M (Peak 12.31M) | Time:00:00.00 | Mem:0.00M, Peak:0.00M | Scene, ViewLayer | Synchronizing object | cavity_floor
Fra:1 Mem:12.35M (Peak 12.35M) | Time:00:00.00 | Mem:0.00M, Peak:0.00M | Scene, ViewLayer | Synchronizing object | rotor
Fra:1 Mem:12.39M (Peak 12.39M) | Time:00:00.00 | Mem:0.00M, Peak:0.00M | Scene, ViewLayer | Synchronizing object | Studio floor
Fra:1 Mem:12.84M (Peak 12.87M) | Time:00:00.00 | Mem:0.00M, Peak:0.00M | Scene, ViewLayer | Initializing
Fra:1 Mem:11.31M (Peak 12.87M) | Time:00:00.00 | Mem:0.00M, Peak:0.00M | Scene, ViewLayer | Waiting for render to start
Fra:1 Mem:11.31M (Peak 12.87M) | Time:00:00.00 | Mem:0.00M, Peak:0.00M | Scene, ViewLayer | Loading render kernels (may take a few minutes the first time)
Fra:1 Mem:11.31M (Peak 12.87M) | Time:00:00.00 | Mem:0.00M, Peak:0.00M | Scene, ViewLayer | Updating Scene
Fra:1 Mem:11.31M (Peak 12.87M) | Time:00:00.00 | Mem:0.00M, Peak:0.00M | Scene, ViewLayer | Updating Shaders
Fra:1 Mem:11.82M (Peak 12.87M) | Time:00:00.11 | Mem:0.01M, Peak:0.01M | Scene, ViewLayer | Updating Procedurals
Fra:1 Mem:11.82M (Peak 12.87M) | Time:00:00.11 | Mem:0.01M, Peak:0.01M | Scene, ViewLayer | Updating Background
Fra:1 Mem:11.82M (Peak 12.87M) | Time:00:00.11 | Mem:0.01M, Peak:0.01M | Scene, ViewLayer | Updating Camera
Fra:1 Mem:11.82M (Peak 12.87M) | Time:00:00.11 | Mem:0.01M, Peak:0.01M | Scene, ViewLayer | Updating Meshes Flags
Fra:1 Mem:11.82M (Peak 12.87M) | Time:00:00.11 | Mem:0.01M, Peak:0.01M | Scene, ViewLayer | Updating Objects
Fra:1 Mem:11.82M (Peak 12.87M) | Time:00:00.11 | Mem:0.01M, Peak:0.01M | Scene, ViewLayer | Updating Objects | Copying Transformations to device
Fra:1 Mem:11.82M (Peak 12.87M) | Time:00:00.11 | Mem:0.01M, Peak:0.01M | Scene, ViewLayer | Updating Objects | Applying Static Transformations
Fra:1 Mem:11.82M (Peak 12.87M) | Time:00:00.11 | Mem:0.01M, Peak:0.01M | Scene, ViewLayer | Updating Particle Systems
Fra:1 Mem:11.82M (Peak 12.87M) | Time:00:00.11 | Mem:0.01M, Peak:0.01M | Scene, ViewLayer | Updating Particle Systems | Copying Particles to device
Fra:1 Mem:11.83M (Peak 12.87M) | Time:00:00.11 | Mem:0.01M, Peak:0.01M | Scene, ViewLayer | Updating Meshes
Fra:1 Mem:11.87M (Peak 12.87M) | Time:00:00.11 | Mem:0.01M, Peak:0.01M | Scene, ViewLayer | Updating Mesh | Computing attributes
Fra:1 Mem:12.12M (Peak 12.87M) | Time:00:00.11 | Mem:0.01M, Peak:0.01M | Scene, ViewLayer | Updating Mesh | Copying Attributes to device
Fra:1 Mem:12.11M (Peak 12.87M) | Time:00:00.11 | Mem:0.26M, Peak:0.26M | Scene, ViewLayer | Updating Geometry BVH crystal_collars 10/10 | Building BVH
Fra:1 Mem:12.11M (Peak 12.87M) | Time:00:00.11 | Mem:0.26M, Peak:0.26M | Scene, ViewLayer | Updating Geometry BVH side_1_three_layers 2/10 | Building BVH
Fra:1 Mem:12.11M (Peak 12.87M) | Time:00:00.11 | Mem:0.26M, Peak:0.26M | Scene, ViewLayer | Updating Geometry BVH rotor 8/10 | Building BVH
Fra:1 Mem:12.11M (Peak 12.87M) | Time:00:00.11 | Mem:0.35M, Peak:0.35M | Scene, ViewLayer | Updating Geometry BVH rotor 8/10 | Building BVH 0%
Fra:1 Mem:12.11M (Peak 12.87M) | Time:00:00.11 | Mem:0.40M, Peak:0.40M | Scene, ViewLayer | Updating Geometry BVH rotor 8/10 | Building BVH
Fra:1 Mem:12.11M (Peak 12.87M) | Time:00:00.11 | Mem:0.45M, Peak:0.49M | Scene, ViewLayer | Updating Scene BVH | Building
Fra:1 Mem:12.11M (Peak 12.87M) | Time:00:00.11 | Mem:0.45M, Peak:0.49M | Scene, ViewLayer | Updating Scene BVH | Building BVH
Fra:1 Mem:12.11M (Peak 12.87M) | Time:00:00.11 | Mem:0.46M, Peak:0.49M | Scene, ViewLayer | Updating Scene BVH | Copying BVH to device
Fra:1 Mem:12.11M (Peak 12.87M) | Time:00:00.11 | Mem:0.46M, Peak:0.49M | Scene, ViewLayer | Updating Mesh | Computing normals
Fra:1 Mem:12.37M (Peak 12.87M) | Time:00:00.11 | Mem:0.46M, Peak:0.49M | Scene, ViewLayer | Updating Mesh | Copying Mesh to device
Fra:1 Mem:12.37M (Peak 12.87M) | Time:00:00.11 | Mem:0.71M, Peak:0.71M | Scene, ViewLayer | Updating Objects Flags
Fra:1 Mem:12.37M (Peak 12.87M) | Time:00:00.11 | Mem:0.71M, Peak:0.71M | Scene, ViewLayer | Updating Primitive Offsets
Fra:1 Mem:12.37M (Peak 12.87M) | Time:00:00.11 | Mem:0.71M, Peak:0.71M | Scene, ViewLayer | Updating Images
Fra:1 Mem:12.37M (Peak 12.87M) | Time:00:00.11 | Mem:0.71M, Peak:0.71M | Scene, ViewLayer | Updating Images | Loading crystal.png
Fra:1 Mem:12.37M (Peak 12.87M) | Time:00:00.11 | Mem:0.71M, Peak:0.71M | Scene, ViewLayer | Updating Images | Loading side_midframe_emission.png
Fra:1 Mem:12.37M (Peak 12.87M) | Time:00:00.11 | Mem:0.71M, Peak:0.71M | Scene, ViewLayer | Updating Images | Loading side_inset_side_emission.png
Fra:1 Mem:12.39M (Peak 12.87M) | Time:00:00.12 | Mem:0.71M, Peak:0.71M | Scene, ViewLayer | Updating Images | Loading crystal_emission.png
Fra:1 Mem:12.39M (Peak 12.87M) | Time:00:00.12 | Mem:0.71M, Peak:0.71M | Scene, ViewLayer | Updating Images | Loading obsidian_emission.png
Fra:1 Mem:12.39M (Peak 12.87M) | Time:00:00.12 | Mem:0.71M, Peak:0.71M | Scene, ViewLayer | Updating Images | Loading side_inset_front_emission.png
Fra:1 Mem:12.40M (Peak 12.87M) | Time:00:00.12 | Mem:0.72M, Peak:0.72M | Scene, ViewLayer | Updating Images | Loading top_frame_emission.png
Fra:1 Mem:12.40M (Peak 12.87M) | Time:00:00.12 | Mem:0.72M, Peak:0.72M | Scene, ViewLayer | Updating Images | Loading end_stone_metal.png
Fra:1 Mem:12.40M (Peak 12.87M) | Time:00:00.12 | Mem:0.72M, Peak:0.72M | Scene, ViewLayer | Updating Images | Loading obsidian_metal.png
Fra:1 Mem:12.40M (Peak 12.87M) | Time:00:00.12 | Mem:0.72M, Peak:0.72M | Scene, ViewLayer | Updating Images | Loading top_frame_metal.png
Fra:1 Mem:12.40M (Peak 12.87M) | Time:00:00.12 | Mem:0.72M, Peak:0.72M | Scene, ViewLayer | Updating Images | Loading side_inset_side_metal.png
Fra:1 Mem:12.40M (Peak 12.87M) | Time:00:00.12 | Mem:0.72M, Peak:0.72M | Scene, ViewLayer | Updating Images | Loading side_purpur_guards_normal_preview.png
Fra:1 Mem:12.40M (Peak 12.87M) | Time:00:00.12 | Mem:0.72M, Peak:0.72M | Scene, ViewLayer | Updating Images | Loading purpur_metal.png
Fra:1 Mem:12.40M (Peak 12.87M) | Time:00:00.12 | Mem:0.72M, Peak:0.72M | Scene, ViewLayer | Updating Images | Loading side_inset_front_metal.png
Fra:1 Mem:12.40M (Peak 12.87M) | Time:00:00.13 | Mem:0.73M, Peak:0.73M | Scene, ViewLayer | Updating Images | Loading end_stone_sss.png
Fra:1 Mem:12.40M (Peak 12.87M) | Time:00:00.13 | Mem:0.73M, Peak:0.73M | Scene, ViewLayer | Updating Images | Loading obsidian_sss.png
Fra:1 Mem:12.40M (Peak 12.87M) | Time:00:00.13 | Mem:0.73M, Peak:0.73M | Scene, ViewLayer | Updating Images | Loading pool_sss.png
Fra:1 Mem:12.40M (Peak 12.87M) | Time:00:00.13 | Mem:0.73M, Peak:0.73M | Scene, ViewLayer | Updating Images | Loading purpur_sss.png
Fra:1 Mem:12.40M (Peak 12.87M) | Time:00:00.13 | Mem:0.73M, Peak:0.73M | Scene, ViewLayer | Updating Images | Loading side_inset_side_sss.png
Fra:1 Mem:12.40M (Peak 12.87M) | Time:00:00.13 | Mem:0.73M, Peak:0.73M | Scene, ViewLayer | Updating Images | Loading side_midframe_sss.png
Fra:1 Mem:12.40M (Peak 12.87M) | Time:00:00.13 | Mem:0.73M, Peak:0.73M | Scene, ViewLayer | Updating Images | Loading crystal_sss.png
Fra:1 Mem:12.40M (Peak 12.87M) | Time:00:00.13 | Mem:0.73M, Peak:0.73M | Scene, ViewLayer | Updating Images | Loading side_purpur_guards_sss.png
Fra:1 Mem:12.40M (Peak 12.87M) | Time:00:00.13 | Mem:0.73M, Peak:0.73M | Scene, ViewLayer | Updating Images | Loading side_inset_front_sss.png
Fra:1 Mem:12.40M (Peak 12.87M) | Time:00:00.13 | Mem:0.73M, Peak:0.73M | Scene, ViewLayer | Updating Images | Loading end_stone_roughness.png
Fra:1 Mem:12.40M (Peak 12.87M) | Time:00:00.13 | Mem:0.73M, Peak:0.73M | Scene, ViewLayer | Updating Images | Loading crystal_normal_preview.png
Fra:1 Mem:12.40M (Peak 12.87M) | Time:00:00.13 | Mem:0.73M, Peak:0.73M | Scene, ViewLayer | Updating Images | Loading top_frame_roughness.png
Fra:1 Mem:12.40M (Peak 12.87M) | Time:00:00.13 | Mem:0.73M, Peak:0.73M | Scene, ViewLayer | Updating Images | Loading obsidian_roughness.png
Fra:1 Mem:12.40M (Peak 12.87M) | Time:00:00.13 | Mem:0.73M, Peak:0.73M | Scene, ViewLayer | Updating Images | Loading side_inset_side_roughness.png
Fra:1 Mem:12.40M (Peak 12.87M) | Time:00:00.14 | Mem:0.73M, Peak:0.73M | Scene, ViewLayer | Updating Images | Loading purpur_roughness.png
Fra:1 Mem:12.40M (Peak 12.87M) | Time:00:00.14 | Mem:0.73M, Peak:0.73M | Scene, ViewLayer | Updating Images | Loading side_midframe_roughness.png
Fra:1 Mem:12.40M (Peak 12.87M) | Time:00:00.14 | Mem:0.73M, Peak:0.73M | Scene, ViewLayer | Updating Images | Loading crystal_roughness.png
Fra:1 Mem:12.40M (Peak 12.87M) | Time:00:00.14 | Mem:0.73M, Peak:0.73M | Scene, ViewLayer | Updating Images | Loading side_purpur_guards_roughness.png
Fra:1 Mem:12.40M (Peak 12.87M) | Time:00:00.14 | Mem:0.73M, Peak:0.73M | Scene, ViewLayer | Updating Images | Loading side_inset_front_roughness.png
Fra:1 Mem:12.40M (Peak 12.87M) | Time:00:00.14 | Mem:0.73M, Peak:0.73M | Scene, ViewLayer | Updating Images | Loading end_stone_normal_preview.png
Fra:1 Mem:12.41M (Peak 12.87M) | Time:00:00.14 | Mem:0.73M, Peak:0.73M | Scene, ViewLayer | Updating Images | Loading top_frame_normal_preview.png
Fra:1 Mem:12.41M (Peak 12.87M) | Time:00:00.14 | Mem:0.73M, Peak:0.73M | Scene, ViewLayer | Updating Images | Loading obsidian_normal_preview.png
Fra:1 Mem:12.41M (Peak 12.87M) | Time:00:00.14 | Mem:0.73M, Peak:0.73M | Scene, ViewLayer | Updating Images | Loading pool_normal_preview.png
Fra:1 Mem:12.41M (Peak 12.87M) | Time:00:00.14 | Mem:0.73M, Peak:0.73M | Scene, ViewLayer | Updating Images | Loading purpur_normal_preview.png
Fra:1 Mem:12.41M (Peak 12.87M) | Time:00:00.14 | Mem:0.73M, Peak:0.73M | Scene, ViewLayer | Updating Images | Loading side_midframe_normal_preview.png
Fra:1 Mem:12.41M (Peak 12.87M) | Time:00:00.14 | Mem:0.73M, Peak:0.73M | Scene, ViewLayer | Updating Images | Loading side_inset_side_normal_preview.png
Fra:1 Mem:12.41M (Peak 12.87M) | Time:00:00.14 | Mem:0.74M, Peak:0.74M | Scene, ViewLayer | Updating Camera Volume
Fra:1 Mem:12.41M (Peak 12.87M) | Time:00:00.14 | Mem:0.74M, Peak:0.74M | Scene, ViewLayer | Updating Lookup Tables
Fra:1 Mem:12.41M (Peak 12.87M) | Time:00:00.14 | Mem:0.99M, Peak:0.99M | Scene, ViewLayer | Updating Lights
Fra:1 Mem:12.41M (Peak 12.87M) | Time:00:00.14 | Mem:0.99M, Peak:0.99M | Scene, ViewLayer | Updating Lights | Computing distribution
Fra:1 Mem:12.45M (Peak 12.87M) | Time:00:00.15 | Mem:1.03M, Peak:1.03M | Scene, ViewLayer | Updating Integrator
Fra:1 Mem:12.46M (Peak 12.87M) | Time:00:00.15 | Mem:1.04M, Peak:1.04M | Scene, ViewLayer | Updating Film
Fra:1 Mem:12.47M (Peak 12.87M) | Time:00:00.15 | Mem:0.79M, Peak:1.04M | Scene, ViewLayer | Updating Lookup Tables
Fra:1 Mem:12.47M (Peak 12.87M) | Time:00:00.15 | Mem:1.05M, Peak:1.05M | Scene, ViewLayer | Updating Baking
Fra:1 Mem:12.47M (Peak 12.87M) | Time:00:00.15 | Mem:1.05M, Peak:1.05M | Scene, ViewLayer | Updating Device | Writing constant memory
Fra:1 Mem:12.47M (Peak 12.87M) | Time:00:00.15 | Mem:1.05M, Peak:1.05M | Scene, ViewLayer | Sample 0/20
Fra:1 Mem:71.22M (Peak 71.22M) | Time:00:00.49 | Remaining:00:06.51 | Mem:59.77M, Peak:59.77M | Scene, ViewLayer | Sample 1/20
Fra:1 Mem:95.94M (Peak 133.02M) | Time:00:07.09 | Mem:59.77M, Peak:59.77M | Scene, ViewLayer | Sample 20/20
Fra:1 Mem:95.94M (Peak 133.02M) | Time:00:07.09 | Mem:59.77M, Peak:59.77M | Scene, ViewLayer | Finished
Saved: 'D:\Desktop\Document\Coding\FULL STACK\ConvertTable\assets\end_refinement\renders\end_hero.png'
 Time: 00:07.49 (Saving: 00:00.40)

Info: Saved "end_16x_refined.blend"
Rendered End revision: hero + front / side / top.

Blender quit
