To honour the JVM settings for this build a single-use Daemon process will be forked. For more on this, please refer to https://docs.gradle.org/9.6.0/userguide/gradle_daemon.html#sec:disabling_the_daemon in the Gradle documentation.
Daemon will be stopped at the end of the build 

> Configure project :
Fabric Loom: 1.17.21

> Task :compileJava UP-TO-DATE
> Task :processResources
> Task :classes
> Task :compileClientJava UP-TO-DATE
> Task :processClientResources NO-SOURCE
> Task :processIncludeJars UP-TO-DATE
> Task :jar
> Task :sourcesJar
> Task :assemble
> Task :clientClasses UP-TO-DATE
> Task :compileTestJava NO-SOURCE
> Task :processTestResources NO-SOURCE
> Task :testClasses UP-TO-DATE
> Task :test NO-SOURCE
> Task :validateAccessWidener NO-SOURCE
> Task :compileAssetModelCheck UP-TO-DATE

> Task :verifyAssetModels
WARNING: A terminally deprecated method in sun.misc.Unsafe has been called
WARNING: sun.misc.Unsafe::objectFieldOffset has been called by org.joml.MemUtil$MemUtilUnsafe (file:/C:/Users/GYP/.gradle/caches/modules-2/files-2.1/org.joml/joml/1.10.9/438e036486bad66b189bff385dd07dea4f74a146/joml-1.10.9.jar)
WARNING: Please consider reporting this to the maintainers of class org.joml.MemUtil$MemUtilUnsafe
WARNING: sun.misc.Unsafe::objectFieldOffset will be removed in a future release
Parsed Minecraft model: src\main\resources\assets\convert_table\models\block\black_gold.json
Parsed Minecraft model: src\main\resources\assets\convert_table\models\item\black_gold.json
Parsed Minecraft model: src\main\resources\assets\convert_table\models\block\end.json
Parsed Minecraft model: src\main\resources\assets\convert_table\models\item\end.json
Parsed Minecraft model: src\main\resources\assets\convert_table\models\block\sculk.json
Parsed Minecraft model: src\main\resources\assets\convert_table\models\item\sculk.json
Parsed Minecraft model: src\main\resources\assets\convert_table\models\block\crystal_table.json
Parsed Minecraft model: src\main\resources\assets\convert_table\models\item\crystal_table.json
Parsed Minecraft model: src\main\resources\assets\convert_table\models\block\catalyst_pedestal.json
Parsed Minecraft model: src\main\resources\assets\convert_table\models\item\catalyst_pedestal.json
Validated 10 models using the Minecraft 26.3 parser.
Validated UV orientation and animation bounds/wrapping.

> Task :check
> Task :build

BUILD SUCCESSFUL in 15s
8 actionable tasks: 4 executed, 4 up-to-date
